// Jest Snapshot v1, https://goo.gl/fbAQLP

exports[`CarDetails renders the initial page and navigates to the car view page 1`] = `
<section
  class="sc-fzoXzr bYAKAE"
  data-testid="car-details"
>
  <div
    class="MuiCardContent-root"
  >
    <h4
      class="MuiTypography-root MuiTypography-h4 MuiTypography-gutterBottom"
    >
      R8
    </h4>
    <p
      class="MuiTypography-root MuiTypography-body1 MuiTypography-gutterBottom MuiTypography-displayBlock"
    >
      Stock # 80765
      <span
        class="sc-fzplWN beffhE"
      >
         - 176,817 km
      </span>
      <span
        class="sc-fznyAO looylO"
      >
         - Petrol - white
      </span>
    </p>
    <p
      class="MuiTypography-root MuiTypography-body2"
    >
      This car is currently available and can be delivered as soon as tomorrow morning. Please be aware that delivery times shown in this page are not definitive and may change due to bad weather conditions
    </p>
  </div>
  <div
    class="MuiCardContent-root sc-fzpjYC dWnwVz"
  >
    <section
      class="sc-fznxsB iybvfE"
    >
      <span
        class="MuiTypography-root MuiTypography-caption"
      >
        If you like this car, click the button and save it in your collection of favorite items.
      </span>
      <button
        class="MuiButtonBase-root MuiButton-root MuiButton-contained sc-fzoLsD jtNKkn MuiButton-containedPrimary"
        data-testid="fav-button"
        tabindex="0"
        type="button"
      >
        <span
          class="MuiButton-label"
        >
          Save
        </span>
        <span
          class="MuiTouchRipple-root"
        />
      </button>
    </section>
  </div>
</section>
`;

exports[`CarDetails throws the error if something happened in the service  1`] = `
<h4
  class="MuiTypography-root MuiTypography-h4"
>
  Something went wrong.
</h4>
`;
